{"index": 0, "blueprint": {"item": "blueprint", "version": 281479275675648}}
