{
  "blueprint": {
    "description": "some long description",
    "snap-to-grid": {"x": 110, "y": 110},
    "absolute-snapping": true,
    "icons": [
      {"signal": {"type": "virtual", "name": "signal-M"}, "index": 1},
      {"signal": {"type": "virtual", "name": "signal-A"}, "index": 2},
      {"signal": {"type": "virtual", "name": "signal-L"}, "index": 3},
      {"signal": {"type": "virtual", "name": "signal-L"}, "index": 4}
    ],
    "entities": [
      {
        "entity_number": 8964,
        "name": "fast-filter-miniloader-inserter",
        "position": {"x": 4.5, "y": 2.5},
        "control_behavior": {"circuit_mode_of_operation": 1},
        "connections": {"1": {"red": [{"entity_id": 8887, "circuit_id": 2}, {"entity_id": 8965}]}},
        "override_stack_size": 1,
        "drop_position": {"x": 0.25, "y": -0.203125},
        "pickup_position": {"x": 0, "y": 0.796875}
      },
      {
        "entity_number": 8965,
        "name": "fast-filter-miniloader-inserter",
        "position": {"x": 4.5, "y": 2.5},
        "control_behavior": {"circuit_mode_of_operation": 1},
        "connections": {"1": {"red": [{"entity_id": 8964}, {"entity_id": 8887, "circuit_id": 2}]}},
        "override_stack_size": 1,
        "drop_position": {"x": -0.25, "y": -0.203125},
        "pickup_position": {"x": 0, "y": 0.796875}
      },
      {
        "entity_number": 8887,
        "name": "arithmetic-combinator",
        "position": {"x": 4, "y": 0.5},
        "direction": 6,
        "control_behavior": {
          "arithmetic_conditions": {
            "first_signal": {"type": "virtual", "name": "signal-each"},
            "second_constant": 1,
            "operation": "*",
            "output_signal": {"type": "virtual", "name": "signal-each"}
          }
        },
        "connections": {
          "1": {"red": [{"entity_id": 8968}]},
          "2": {"red": [{"entity_id": 8883, "circuit_id": 2}, {"entity_id": 8964}, {"entity_id": 8965}]}
        }
      },
      {
        "entity_number": 8883,
        "name": "arithmetic-combinator",
        "position": {"x": 0, "y": 0.5},
        "direction": 2,
        "control_behavior": {
          "arithmetic_conditions": {
            "first_signal": {"type": "virtual", "name": "signal-each"},
            "second_constant": -1,
            "operation": "*",
            "output_signal": {"type": "virtual", "name": "signal-each"}
          }
        },
        "connections": {"1": {"red": [{"entity_id": 8962}]}, "2": {"red": [{"entity_id": 8887, "circuit_id": 2}]}}
      },
      {
        "entity_number": 8968,
        "name": "medium-electric-pole",
        "position": {"x": 3.5, "y": 2.5},
        "connections": {
          "1": {"red": [{"entity_id": 8887, "circuit_id": 1}, {"entity_id": 9094}], "green": [{"entity_id": 9094}]}
        },
        "neighbours": [8962, 9094]
      },
      {
        "entity_number": 8962,
        "name": "medium-electric-pole",
        "position": {"x": 0.5, "y": 2.5},
        "connections": {
          "1": {"red": [{"entity_id": 8883, "circuit_id": 1}, {"entity_id": 9091}], "green": [{"entity_id": 9091}]}
        },
        "neighbours": [8968, 9091]
      },
      {
        "entity_number": 9091,
        "name": "medium-electric-pole",
        "position": {"x": 0.5, "y": 9.5},
        "connections": {"1": {"red": [{"entity_id": 8962}], "green": [{"entity_id": 8962}]}},
        "neighbours": [8962, 9094]
      },
      {
        "entity_number": 9094,
        "name": "medium-electric-pole",
        "position": {"x": 3.5, "y": 9.5},
        "connections": {"1": {"red": [{"entity_id": 8968}], "green": [{"entity_id": 8968}]}},
        "neighbours": [8968, 9091]
      }
    ],
    "item": "blueprint",
    "label": "SpaceX Mall",
    "version": 281479275806721,
    "shift_x": 263,
    "shift_y": 202
  }
}
