{
  "blueprint": {
    "item": "blueprint",
    "label": "Phase #2",
    "version": 562949953945601,
    "entities": [
      {"name": "small-electric-pole", "entity_number": 1, "position": {"x": -59.5, "y": -63.5}},
      {"name": "small-electric-pole", "entity_number": 2, "position": {"x": -56.5, "y": -63.5}},
      {"name": "small-electric-pole", "entity_number": 3, "position": {"x": -52.5, "y": -63.5}},
      {"name": "small-electric-pole", "entity_number": 4, "position": {"x": -52.5, "y": -59.5}},
      {"name": "small-electric-pole", "entity_number": 5, "position": {"x": -57.5, "y": -58.5}},
      {"name": "small-electric-pole", "entity_number": 6, "position": {"x": -57.5, "y": -53.5}},
      {"name": "small-electric-pole", "entity_number": 7, "position": {"x": -52.5, "y": -53.5}}
    ],
    "icons": [{"index": 1, "signal": {"name": "small-electric-pole"}}],
    "wires": [[1, 5, 3, 5]]
  }
}
