{
  "blueprint": {
    "icons": [{"signal": {"name": "big-electric-pole"}, "index": 1}],
    "entities": [
      {"entity_number": 1, "name": "big-electric-pole", "position": {"x": 0, "y": 0}},
      {"entity_number": 2, "name": "big-electric-pole", "position": {"x": 31, "y": 0}}
    ],
    "wires": [["0,0", 1, "31,0", 1], ["0,0", 2, "31,0", 2], ["0,0", 5, "31,0", 5]],
    "item": "blueprint",
    "version": 562949954076673,
    "shift_x": 163,
    "shift_y": -278
  }
}
