0eNqd0u1qgzAUgOF7Ob9jmeajTW6lyLDuMA7EKEnatYj3vjQO2Vi3ov9eDechgTPCyZ5x8OQimBEoYgfm2z8GF/SBegdGqkoLrSXXQqqXkgG6SJEwgDmO88ft1Z27E3ow6dg1HSYrdI21BVpso6e2GHqLSR36kGbv7AhXMIdyJxncwBSV3slpYr/AaiUonoF8JXh4BoqVIF9A8RiUW8HyjxuqzU+Wj8H9VnC+Yc2A2t7NC0TuDa95cQK9u8beZ/7B8/QH+bx+x5IpxpmqWS6Rq/pRKhdfKp0wudQ+l/qqepo+AQ0Y+ps=