0eNqd0k1qwzAQBeCrlOlWDo0tKZVOkX0wQXaHdkCWjaT8YXz3yA6EQNMGeye9YT54MD1U9oCdJxdB90ARG9APGQNrKrQp2/6YgG/veYqO6AO1DrSQueJKiUJxIT/WDNBFioQB9K6/fS57d2gq9KDT2JkGExUaY22GFuvoqc661mJSuzak3ZHt4Qw6E2olGFzSSxYrMQzsl5jPFeUrsZgr5q9Evlgc+z8TxVxxcxc/n4tyufhH683y1pNYMqC6dbc7IveF5+l+An07Y8elf/Rp+0R+usLdmnFWMF6Ww3AFaU3xbA==