{
  "blueprint": {
    "item": "blueprint",
    "version": 281479275675648,
    "entities": [
      {
        "name": "big-electric-pole",
        "entity_number": 1,
        "neighbours": [2, 3],
        "position": {"x": -290, "y": -20}
      },
      {
        "name": "medium-electric-pole",
        "entity_number": 2,
        "neighbours": [1],
        "position": {"x": -289.5, "y": -14.5}
      },
      {
        "name": "small-electric-pole",
        "entity_number": 3,
        "neighbours": [1],
        "position": {"x": -284.5, "y": -18.5}
      }
    ],
    "icons": [{"index": 1, "signal": {"name": "big-electric-pole", "type": "item"}}]
  }
}
