{
  "blueprint": {
    "item": "blueprint",
    "label": "Phase #2",
    "shift_x": -52,
    "shift_y": -63,
    "version": 562949953945601,
    "entities": [
      {"name": "small-electric-pole", "position": {"x": -7.5, "y": -0.5}},
      {"name": "small-electric-pole", "position": {"x": -4.5, "y": -0.5}},
      {"name": "small-electric-pole", "position": {"x": -0.5, "y": -0.5}},
      {"name": "small-electric-pole", "position": {"x": -0.5, "y": 3.5}},
      {"name": "small-electric-pole", "position": {"x": -5.5, "y": 4.5}},
      {"name": "small-electric-pole", "position": {"x": -5.5, "y": 9.5}},
      {"name": "small-electric-pole", "position": {"x": -0.5, "y": 9.5}}
    ],
    "icons": [{"index": 1, "signal": {"name": "small-electric-pole"}}],
    "wires": [["0,0", "7,4", "7,0", "7,4"]]
  }
}
