{
  "blueprint": {
    "icons": [
      {
        "signal": {
          "name": "small-electric-pole"
        },
        "index": 1
      }
    ],
    "entities": [
      {
        "entity_number": 1,
        "name": "small-electric-pole",
        "position": {
          "x": -6.5,
          "y": -0.5
        }
      },
      {
        "entity_number": 2,
        "name": "small-electric-pole",
        "position": {
          "x": -3.5,
          "y": -0.5
        }
      },
      {
        "entity_number": 3,
        "name": "small-electric-pole",
        "position": {
          "x": 0.5,
          "y": -0.5
        }
      },
      {
        "entity_number": 4,
        "name": "small-electric-pole",
        "position": {
          "x": -4.5,
          "y": 4.5
        }
      },
      {
        "entity_number": 5,
        "name": "small-electric-pole",
        "position": {
          "x": 0.5,
          "y": 3.5
        }
      },
      {
        "entity_number": 6,
        "name": "small-electric-pole",
        "position": {
          "x": -4.5,
          "y": 9.5
        }
      },
      {
        "entity_number": 7,
        "name": "small-electric-pole",
        "position": {
          "x": 0.5,
          "y": 9.5
        }
      }
    ],
    "wires": [
      [
        "0,0",
        "7,4",
        "7,0",
        "7,4"
      ],
      [
        "0,0",
        "7,4",
        "2,5",
        "7,4"
      ],
      [
        "3,0",
        "7,4",
        "2,5",
        "7,4"
      ],
      [
        "3,0",
        "7,4",
        "7,4",
        "7,4"
      ],
      [
        "7,0",
        "7,4",
        "7,4",
        "7,4"
      ],
      [
        "2,5",
        "7,4",
        "2,10",
        "7,4"
      ],
      [
        "2,5",
        "7,4",
        "7,10",
        "7,4"
      ],
      [
        "7,4",
        "7,4",
        "7,10",
        "7,4"
      ]
    ],
    "item": "blueprint",
    "version": 562949953945601,
    "shift_x": 88,
    "shift_y": -29
  }
}
