0eNqdkd2KgzAQRt9lrmOpqW41r7IsxZ/BHUgmksRSEd+9iYIUtvRiIReZycw58GWBVk84OuIAagEKaEC99ATc0XmyDEpWeXGt5bX8iqeoBCAHCoQe1PeyF/ONJ9OiA5UL4MZgYtGQocYuOOqy0WqMTEYafls7ubQrxeVHwGh9hCXPAg9QmazPAuZ0Oa+r+MOXB99gT5P5rMjfCar6VO6KvDiV7ySXQ+JNo/V/HMXhqJIjzlBneY+MuMfHFpWngRudtj6EFuYxPW1fFEnr+gRZUJEQ