0eNqdkltqwzAQRfcy3+NQ2xon0lZCCI47FIEsG0lpE4z2XkUpLqVpg/139DpzBXeCkznz6LQNoCbQ3WA9qP0EXr/Z1tz2bNszKPB9a0zBhrvgdFeMg2GICNq+8gVUGQ8IbIMOmu+CvLge7bk/sUsX8D8Rwjj49Hawt4nJtys3hHAFVVRyQzHiL2G1UCieCeuFwt0zoVgorGeheCyk1QnpsbBZm7D848vbtQnvwtShD+1ygfYlEtZIB8wkMlU/iDLVM6UTbGbaZqIvSmYduE/BvvuO8M7O5zTUVFJISbUU1LyUMX4CJNv6iQ==