0eNqVj90KgzAMhd8l1xFW58/sq4gMdWEEtJW2bkrx3dfqjTB2MXKRk5DzceKhG2aaDCsH0gM7GkGedggvMpa1ApkXaZVVVZ5dyqIorwikHDsmC7L2x7De1Tx2ZEAKBNWOFFn8TGig3hnuk0kPFJiTtsEZoR6WcFwE2goyScvbtuEXLP0LVmUnWIPAvVZHRlYPWvZslp+qHaLjJ3j3vtns/9UCBaYoGqxjD7WrPKi8abbtA2hNaEA=