{
  "blueprint": {
    "item": "blueprint",
    "label": "4-Car Train",
    "shift_x": -980,
    "shift_y": -631,
    "version": 562949954142211,
    "entities": [
      {
        "name": "cargo-wagon",
        "copy_color_from_train_stop": true,
        "enable_logistics_while_moving": false,
        "entity_number": 2,
        "inventory": null,
        "orientation": 0.75,
        "position": {"x": 6.28125, "y": 0}
      },
      {
        "name": "cargo-wagon",
        "copy_color_from_train_stop": true,
        "enable_logistics_while_moving": false,
        "entity_number": 3,
        "inventory": null,
        "orientation": 0.75,
        "position": {"x": 13.28125, "y": 0}
      },
      {
        "name": "cargo-wagon",
        "copy_color_from_train_stop": true,
        "enable_logistics_while_moving": false,
        "entity_number": 4,
        "inventory": null,
        "orientation": 0.75,
        "position": {"x": 20.28125, "y": 0}
      },
      {
        "name": "cargo-wagon",
        "copy_color_from_train_stop": true,
        "enable_logistics_while_moving": false,
        "entity_number": 5,
        "inventory": null,
        "orientation": 0.75,
        "position": {"x": 27.28125, "y": 0}
      },
      {
        "name": "locomotive",
        "enable_logistics_while_moving": false,
        "entity_number": 1,
        "orientation": 0.75,
        "color": {"a": 1, "b": 1, "g": 0.49803921580314636, "r": 0},
        "position": {"x": -0.71875, "y": 0}
      },
      {
        "name": "locomotive",
        "enable_logistics_while_moving": false,
        "entity_number": 6,
        "orientation": 0.75,
        "color": {"a": 1, "b": 1, "g": 0.49803921580314636, "r": 0},
        "position": {"x": 34.28125, "y": 0}
      }
    ],
    "icons": [
      {"index": 1, "signal": {"name": "locomotive"}},
      {"index": 2, "signal": {"name": "signal-4", "type": "virtual"}},
      {"index": 3, "signal": {"name": "cargo-wagon"}},
      {"index": 4, "signal": {"name": "signal-4", "type": "virtual"}}
    ],
    "schedules": [
      {
        "locomotives": [1, 6],
        "schedule": {
          "group": "BT:4car",
          "interrupts": [
            {
              "name": "BT:Refuel",
              "inside_interrupt": true,
              "conditions": [
                {
                  "compare_type": "and",
                  "type": "fuel_item_count_any",
                  "condition": {"comparator": "<", "constant": 50, "first_signal": {"name": "coal"}}
                },
                {
                  "compare_type": "and",
                  "type": "fuel_item_count_any",
                  "condition": {"comparator": "<", "constant": 50, "first_signal": {"name": "solid-fuel"}}
                },
                {
                  "compare_type": "and",
                  "type": "fuel_item_count_any",
                  "condition": {"comparator": "<", "constant": 10, "first_signal": {"name": "rocket-fuel"}}
                },
                {
                  "compare_type": "and",
                  "type": "fuel_item_count_any",
                  "condition": {"comparator": "<", "constant": 1, "first_signal": {"name": "nuclear-fuel"}}
                }
              ],
              "targets": [
                {
                  "station": "BT Fuel",
                  "wait_conditions": [
                    {"compare_type": "and", "type": "fuel_full"},
                    {"compare_type": "or", "ticks": 300, "type": "inactivity"},
                    {"compare_type": "or", "ticks": 1800, "type": "time"}
                  ]
                }
              ]
            },
            {
              "name": "BT:4to4",
              "inside_interrupt": false,
              "conditions": [
                {"compare_type": "and", "type": "empty"},
                {
                  "compare_type": "and",
                  "type": "circuit",
                  "condition": {
                    "comparator": "=",
                    "constant": 4,
                    "first_signal": {"name": "signal-signal-parameter", "type": "virtual"}
                  }
                },
                {"compare_type": "or", "type": "empty"},
                {
                  "compare_type": "and",
                  "type": "circuit",
                  "condition": {
                    "comparator": "=",
                    "constant": 5,
                    "first_signal": {"name": "signal-signal-parameter", "type": "virtual"}
                  }
                },
                {"compare_type": "or", "type": "empty"},
                {
                  "compare_type": "and",
                  "type": "circuit",
                  "condition": {
                    "comparator": "=",
                    "constant": 6,
                    "first_signal": {"name": "signal-signal-parameter", "type": "virtual"}
                  }
                },
                {"compare_type": "or", "type": "empty"},
                {
                  "compare_type": "and",
                  "type": "circuit",
                  "condition": {
                    "comparator": "=",
                    "constant": 7,
                    "first_signal": {"name": "signal-signal-parameter", "type": "virtual"}
                  }
                },
                {"compare_type": "or", "type": "empty"},
                {
                  "compare_type": "and",
                  "type": "circuit",
                  "condition": {
                    "comparator": "=",
                    "constant": 12,
                    "first_signal": {"name": "signal-signal-parameter", "type": "virtual"}
                  }
                },
                {"compare_type": "or", "type": "empty"},
                {
                  "compare_type": "and",
                  "type": "circuit",
                  "condition": {
                    "comparator": "=",
                    "constant": 13,
                    "first_signal": {"name": "signal-signal-parameter", "type": "virtual"}
                  }
                },
                {"compare_type": "or", "type": "empty"},
                {
                  "compare_type": "and",
                  "type": "circuit",
                  "condition": {
                    "comparator": "=",
                    "constant": 14,
                    "first_signal": {"name": "signal-signal-parameter", "type": "virtual"}
                  }
                },
                {"compare_type": "or", "type": "empty"},
                {
                  "compare_type": "and",
                  "type": "circuit",
                  "condition": {
                    "comparator": "=",
                    "constant": 15,
                    "first_signal": {"name": "signal-signal-parameter", "type": "virtual"}
                  }
                }
              ],
              "targets": [
                {
                  "station": "[virtual-signal=up-arrow][virtual-signal=signal-4][virtual-signal=signal-signal-parameter]",
                  "wait_conditions": [
                    {"compare_type": "and", "type": "full"},
                    {
                      "compare_type": "and",
                      "type": "circuit",
                      "condition": {"comparator": "=", "constant": 0, "first_signal": {"name": "signal-red", "type": "virtual"}}
                    },
                    {"compare_type": "or", "ticks": 120, "type": "inactivity"},
                    {
                      "compare_type": "and",
                      "type": "circuit",
                      "condition": {"comparator": "=", "constant": 0, "first_signal": {"name": "signal-red", "type": "virtual"}}
                    },
                    {"compare_type": "or", "ticks": 3600, "type": "time"},
                    {
                      "compare_type": "and",
                      "type": "circuit",
                      "condition": {"comparator": "=", "constant": 0, "first_signal": {"name": "signal-red", "type": "virtual"}}
                    },
                    {
                      "compare_type": "or",
                      "type": "circuit",
                      "condition": {"comparator": ">", "constant": 0, "first_signal": {"name": "signal-green", "type": "virtual"}}
                    }
                  ]
                },
                {
                  "station": "[virtual-signal=down-arrow][virtual-signal=signal-4][virtual-signal=signal-signal-parameter]",
                  "wait_conditions": [
                    {"compare_type": "and", "type": "empty"},
                    {
                      "compare_type": "and",
                      "type": "circuit",
                      "condition": {"comparator": "=", "constant": 0, "first_signal": {"name": "signal-red", "type": "virtual"}}
                    },
                    {"compare_type": "or", "ticks": 120, "type": "inactivity"},
                    {
                      "compare_type": "and",
                      "type": "circuit",
                      "condition": {"comparator": "=", "constant": 0, "first_signal": {"name": "signal-red", "type": "virtual"}}
                    },
                    {"compare_type": "or", "ticks": 3900, "type": "time"},
                    {
                      "compare_type": "and",
                      "type": "circuit",
                      "condition": {"comparator": "=", "constant": 0, "first_signal": {"name": "signal-red", "type": "virtual"}}
                    },
                    {
                      "compare_type": "or",
                      "type": "circuit",
                      "condition": {"comparator": ">", "constant": 0, "first_signal": {"name": "signal-green", "type": "virtual"}}
                    }
                  ]
                }
              ]
            },
            {
              "name": "BT:Empty4",
              "inside_interrupt": false,
              "conditions": [
                {"compare_type": "and", "station": "BT Depot", "type": "at_station"},
                {"compare_type": "and", "type": "not_empty"}
              ],
              "targets": [
                {
                  "station": "[virtual-signal=down-arrow][virtual-signal=signal-4][virtual-signal=signal-item-parameter]",
                  "wait_conditions": [
                    {"compare_type": "and", "type": "empty"},
                    {
                      "compare_type": "and",
                      "type": "circuit",
                      "condition": {"comparator": "=", "constant": 0, "first_signal": {"name": "signal-red", "type": "virtual"}}
                    },
                    {"compare_type": "or", "ticks": 120, "type": "inactivity"},
                    {
                      "compare_type": "and",
                      "type": "circuit",
                      "condition": {"comparator": "=", "constant": 0, "first_signal": {"name": "signal-red", "type": "virtual"}}
                    },
                    {"compare_type": "or", "ticks": 3900, "type": "time"},
                    {
                      "compare_type": "and",
                      "type": "circuit",
                      "condition": {"comparator": "=", "constant": 0, "first_signal": {"name": "signal-red", "type": "virtual"}}
                    },
                    {
                      "compare_type": "or",
                      "type": "circuit",
                      "condition": {"comparator": ">", "constant": 0, "first_signal": {"name": "signal-green", "type": "virtual"}}
                    }
                  ]
                }
              ]
            },
            {
              "name": "BT:Depot",
              "inside_interrupt": true,
              "conditions": [
                {"compare_type": "and", "station": "BT Depot", "type": "at_station"},
                {"compare_type": "and", "type": "destination_full_or_no_path"},
                {"compare_type": "or", "station": "BT Depot", "type": "not_at_station"},
                {"compare_type": "and", "type": "empty"},
                {"compare_type": "or", "station": "BT Fuel", "type": "at_station"},
                {"compare_type": "and", "type": "not_empty"}
              ],
              "targets": [{"station": "BT Depot"}]
            },
            {
              "name": "BT:Idle",
              "inside_interrupt": false,
              "conditions": [{"compare_type": "and", "type": "passenger_not_present"}],
              "targets": [
                {"station": "BT Depot", "wait_conditions": [{"compare_type": "and", "ticks": 600, "type": "time"}]}
              ]
            }
          ]
        }
      }
    ],
    "stock_connections": [
      {"back": 2, "stock": 1},
      {"back": 3, "front": 1, "stock": 2},
      {"back": 4, "front": 2, "stock": 3},
      {"back": 5, "front": 3, "stock": 4},
      {"back": 6, "front": 4, "stock": 5},
      {"front": 5, "stock": 6}
    ]
  }
}
