0eNrtWFtv2jAU/iuVn0NFEieUaN3DbtJep75NyDKJSS2CHdkOFFX97ztO0kBL0obRrjAhJJB9bp+Pz3eMfY+mWcFyxYVB0T3ihi1QtDXnoIxOWQZzePCVqosbRbmA2SVTmkuBoiD0xng8DrCLPc91HcSE4YYzjaLf99VgTUSxmDKFIhALumDgLaYqlYMVTaX1Fst8TWKZSUVmSi6IsVGINjJHkVEFs17pNGMkkynXhsearG45jBdyyUWKohnNNGhxsYSIUq1RJIosc5BUHCaoKaEOL0eBg3KpeTW+R3coGoxH/uXIvbIiMBuEvvvw4Owg944ReRj2QO4fI/Jg3AM5PkrkXg/kQYM8k7FcSMOXDPWF1YKiXKyFQEsOTcvv1Erx+Grojz03gB8Xh37oIFAcPrQgvxr2QB4eI3Ic7CCfwPbFUlRdhouE3ZWeNU8Fzazh7irK5daqXotqNTHAsFyzzu3MkitTgM62pd9iuV2e27p4zyiwKB3fsqTI6va5QW/HgRNuaVifqZIFFD36chNhAIFsTRumVJGbykEdFOS/2KyAPm41NE8YaRQfOQPZTMq0V5YQOKeKkRokFckGsfVE7FEBLCyEIVSs0ZYDi6wyp8ZuPvpUSbWh9pQJhg6acaUN2U2kLPNgU/gh8bXMeDIoE/XeKNxuFErGc2b+EYxOFKKIM0ZVAwNKz0Cds7qy9CPPobguflSltaLckH3raAatF7UsUtpyhl4zBz/+cNgYcUFjYAQ0rdes3KstM8NhVQ8T+DjbtMBG4lZS1C1tj9WwRd6O6YlWzFVccPPiFl0/2SLcXa5VL6l/rP2CwQLaWktnqt4Xe3DC2MMTxj46Yeyud8rg/VMGf8qtxn2bXtN5zP2ulWo310U+oErJ1eS54PEfXpfgOYzJX52c7YfmgTkcvpZCxZK9trw+iL2+x/dx4vfDnT8Sxw+9P5DP+wFJFWOinTsWTDdjErkSH8iZ92o8Z9K0k2Z8Jk0/0jy7kny3dXrwpeTJ/ewby6XZRKeAsxa/tidCGlITp/fJeADP7T32zPIzy/9/lj9S8pDnuDfieMK0gdqzuuVrDJGKCElyam47n1heCm17xh7hOxm7G6h+Z3qfNtYs5PlW/Uwy9kZvRDnVmomU2QQbkisGI9MH0z6NsGJm2Pr4NalemY2M59aZYPHG25TG8+oV3YpRFNg0VJP2Sq5k/aJTi92N2G/EG2tvI8aN2GvE/kYcNmK/EWMrrmdxMxta/H8A91XbqA==