0eNrtWd9v2jAQ/lcmP4eJJE5a0LaH/ai016lvE7JMcqRWEzuyHRiq+N93TgIEFgasW1u0vpTad7777nzfGZsHMs0rKLWQlowfiEiUNGT8/YEYkUmeuznJCyBjkqtEFcqKOZCVR4RM4QcZ+yuvq2qXpVOdC20rnPHWaxuNAe2sDHZXtooJ15kaLHimZEc3/GMvdDXxCEgrrIAmrnqwZLIqpqAxAK8nPo+UyuASBIHu0MxgdD18e+VfX0UeWeIwDjFwNMWnObBcZcJYkRi2uBM4LtRcyIyMZzw34BGlBfrkjTW0giYSlSvtTOOfoUcyN0/RRTgK/Ag/fBqHsUemNTzusuwSsIc88PqS1gP9Kvyr0Mslq/GzmVYFs5oLyYxVJRlbXYHL/BwXKY3OZJXnPcjDU5HH8QtDTk9FHo1eGPLoZOTBC0Men8hQGj0vQ7HRmOQO0ipvO80Wrhv7XtzRcKYzrSrMA/l4O6a4KcQlw4LWVWkbA23YKP8Gswpcp8P2nNZhNxrooOQaWNsRuUxRpx24FUxYKHADKmkZl8uuAYdgJrSx7NcmrHC4qnWN5e5giIZe64tblxfyjtQt6d/4NyoX6aCO+BlRaJXcg+2B4T8pDFklOXDdh6MHBpaYRX5DW0FmXdVYRG9umhJacGHZuXU0Q26SniCV3ioKyROsduSumxPJPdoOh8Mjq6woYKvvX+OCiQtDSCNSYBtKNA3DGdvSglpFzyMFFCXCO7ZbidBJJeyxHTryPaT9cBtUAEaxu3t0b/fe9xZRN1MvB3t0wdjjC8Z+dcHY/eCSwYeXDP6SW43f12sOnnLfWyet0fdVOeBaq8VkX7C+Kh4S7IOa/NHB2X9m/oMcakh30zY8e8v7Tm8/GF4M/t3vEWE8vBzofwdIpgHk76F8cNyp31IOMiZVC/mMnHnKxvNKmn3SjF5Jc4g0vTeS+v1g90ryxRXwmZcSjoBbQnq7V7bPUCp7lA5SWdYS5+ST8RE8d9fYV5a/svw/ZnnDyycleQrGYiG6ZfVrDFOaScVKbu+OPcy4/vBY9wcp23V02MlN83r1+D62BXziG9HXNIfzdqrkxoDMwOXXslIDjuwpkM5vhLvMjA+/fTU1OGlema1K7p0XCcnWTT1bPwpOufun+X2tmcSr90yr9s2wEYcdcbgRB2sx7YjpRhyuxVFHHG3EdC2OO+J4I47q0PDwwMC3Pzp6JOdTLI4xoYNPXL+5dT8R4OwctKnzG8XBiI5GEfVpEPj+avUTfHfbqA==