{
  "blueprint": {
    "item": "blueprint",
    "version": 281479275675648,
    "entities": [
      {
        "name": "underground-belt",
        "direction": 2,
        "entity_number": 1,
        "type": "output",
        "position": {"x": 195.5, "y": -32.5}
      },
      {"name": "transport-belt", "direction": 2, "entity_number": 2, "position": {"x": 196.5, "y": -32.5}},
      {"name": "transport-belt", "direction": 2, "entity_number": 3, "position": {"x": 197.5, "y": -32.5}},
      {"name": "transport-belt", "direction": 2, "entity_number": 4, "position": {"x": 199.5, "y": -32.5}},
      {"name": "transport-belt", "direction": 2, "entity_number": 5, "position": {"x": 198.5, "y": -32.5}},
      {"name": "transport-belt", "direction": 2, "entity_number": 6, "position": {"x": 201.5, "y": -32.5}},
      {"name": "transport-belt", "direction": 2, "entity_number": 7, "position": {"x": 200.5, "y": -32.5}},
      {"name": "transport-belt", "direction": 2, "entity_number": 8, "position": {"x": 203.5, "y": -32.5}},
      {"name": "transport-belt", "direction": 2, "entity_number": 9, "position": {"x": 202.5, "y": -32.5}},
      {
        "name": "transport-belt",
        "direction": 2,
        "entity_number": 10,
        "position": {"x": 205.5, "y": -32.5}
      },
      {
        "name": "transport-belt",
        "direction": 2,
        "entity_number": 11,
        "position": {"x": 204.5, "y": -32.5}
      },
      {
        "name": "transport-belt",
        "direction": 2,
        "entity_number": 12,
        "position": {"x": 207.5, "y": -32.5}
      },
      {
        "name": "transport-belt",
        "direction": 2,
        "entity_number": 13,
        "position": {"x": 206.5, "y": -32.5}
      },
      {
        "name": "transport-belt",
        "direction": 2,
        "entity_number": 14,
        "position": {"x": 209.5, "y": -32.5}
      },
      {
        "name": "transport-belt",
        "direction": 2,
        "entity_number": 15,
        "position": {"x": 208.5, "y": -32.5}
      },
      {
        "name": "transport-belt",
        "direction": 2,
        "entity_number": 16,
        "position": {"x": 211.5, "y": -32.5}
      },
      {
        "name": "transport-belt",
        "direction": 2,
        "entity_number": 17,
        "position": {"x": 210.5, "y": -32.5}
      },
      {"name": "transport-belt", "entity_number": 18, "position": {"x": 197.5, "y": -30.5}},
      {
        "name": "underground-belt",
        "entity_number": 19,
        "type": "input",
        "position": {"x": 197.5, "y": -31.5}
      },
      {"name": "transport-belt", "entity_number": 20, "position": {"x": 203.5, "y": -30.5}},
      {
        "name": "underground-belt",
        "entity_number": 21,
        "type": "input",
        "position": {"x": 203.5, "y": -31.5}
      },
      {
        "name": "substation",
        "entity_number": 22,
        "neighbours": [42, 43],
        "position": {"x": 206, "y": -30}
      },
      {
        "name": "underground-belt",
        "entity_number": 23,
        "type": "input",
        "position": {"x": 209.5, "y": -31.5}
      },
      {"name": "transport-belt", "entity_number": 24, "position": {"x": 209.5, "y": -30.5}},
      {"name": "transport-belt", "entity_number": 25, "position": {"x": 197.5, "y": -29.5}},
      {"name": "transport-belt", "entity_number": 26, "position": {"x": 197.5, "y": -28.5}},
      {
        "name": "assembling-machine-1",
        "entity_number": 27,
        "recipe": "iron-gear-wheel",
        "position": {"x": 200.5, "y": -27.5}
      },
      {"name": "inserter", "direction": 2, "entity_number": 28, "position": {"x": 198.5, "y": -28.5}},
      {"name": "transport-belt", "entity_number": 29, "position": {"x": 203.5, "y": -29.5}},
      {"name": "transport-belt", "entity_number": 30, "position": {"x": 203.5, "y": -28.5}},
      {"name": "inserter", "direction": 2, "entity_number": 31, "position": {"x": 202.5, "y": -28.5}},
      {
        "name": "assembling-machine-1",
        "entity_number": 32,
        "recipe": "iron-gear-wheel",
        "position": {"x": 206.5, "y": -27.5}
      },
      {"name": "inserter", "direction": 6, "entity_number": 33, "position": {"x": 204.5, "y": -28.5}},
      {"name": "transport-belt", "entity_number": 34, "position": {"x": 209.5, "y": -28.5}},
      {"name": "transport-belt", "entity_number": 35, "position": {"x": 209.5, "y": -29.5}},
      {"name": "inserter", "direction": 6, "entity_number": 36, "position": {"x": 208.5, "y": -28.5}},
      {"name": "transport-belt", "entity_number": 37, "position": {"x": 197.5, "y": -27.5}},
      {"name": "transport-belt", "entity_number": 38, "position": {"x": 197.5, "y": -26.5}},
      {
        "name": "small-electric-pole",
        "entity_number": 39,
        "neighbours": [42, 43, 73],
        "position": {"x": 198.5, "y": -27.5}
      },
      {"name": "transport-belt", "entity_number": 40, "position": {"x": 203.5, "y": -27.5}},
      {"name": "transport-belt", "entity_number": 41, "position": {"x": 203.5, "y": -26.5}},
      {
        "name": "small-electric-pole",
        "entity_number": 42,
        "neighbours": [22, 39, 46, 76, 77],
        "position": {"x": 202.5, "y": -27.5}
      },
      {
        "name": "small-electric-pole",
        "entity_number": 43,
        "neighbours": [22, 39, 46, 76, 77],
        "position": {"x": 204.5, "y": -27.5}
      },
      {"name": "transport-belt", "entity_number": 44, "position": {"x": 209.5, "y": -26.5}},
      {"name": "transport-belt", "entity_number": 45, "position": {"x": 209.5, "y": -27.5}},
      {
        "name": "small-electric-pole",
        "entity_number": 46,
        "neighbours": [42, 43, 80],
        "position": {"x": 208.5, "y": -27.5}
      },
      {"name": "transport-belt", "entity_number": 47, "position": {"x": 197.5, "y": -25.5}},
      {"name": "transport-belt", "entity_number": 48, "position": {"x": 197.5, "y": -24.5}},
      {
        "name": "assembling-machine-1",
        "entity_number": 49,
        "recipe": "iron-gear-wheel",
        "position": {"x": 200.5, "y": -24.5}
      },
      {"name": "transport-belt", "entity_number": 50, "position": {"x": 203.5, "y": -25.5}},
      {"name": "transport-belt", "entity_number": 51, "position": {"x": 203.5, "y": -24.5}},
      {
        "name": "assembling-machine-1",
        "entity_number": 52,
        "recipe": "iron-gear-wheel",
        "position": {"x": 206.5, "y": -24.5}
      },
      {"name": "transport-belt", "entity_number": 53, "position": {"x": 209.5, "y": -24.5}},
      {"name": "transport-belt", "entity_number": 54, "position": {"x": 209.5, "y": -25.5}},
      {"name": "transport-belt", "entity_number": 55, "position": {"x": 197.5, "y": -23.5}},
      {"name": "transport-belt", "entity_number": 56, "position": {"x": 197.5, "y": -22.5}},
      {
        "name": "assembling-machine-1",
        "entity_number": 57,
        "recipe": "iron-gear-wheel",
        "position": {"x": 200.5, "y": -21.5}
      },
      {"name": "inserter", "direction": 2, "entity_number": 58, "position": {"x": 198.5, "y": -22.5}},
      {"name": "inserter", "direction": 2, "entity_number": 59, "position": {"x": 198.5, "y": -23.5}},
      {"name": "transport-belt", "entity_number": 60, "position": {"x": 203.5, "y": -23.5}},
      {"name": "transport-belt", "entity_number": 61, "position": {"x": 203.5, "y": -22.5}},
      {"name": "inserter", "direction": 2, "entity_number": 62, "position": {"x": 202.5, "y": -23.5}},
      {"name": "inserter", "direction": 2, "entity_number": 63, "position": {"x": 202.5, "y": -22.5}},
      {
        "name": "assembling-machine-1",
        "entity_number": 64,
        "recipe": "iron-gear-wheel",
        "position": {"x": 206.5, "y": -21.5}
      },
      {"name": "inserter", "direction": 6, "entity_number": 65, "position": {"x": 204.5, "y": -22.5}},
      {"name": "inserter", "direction": 6, "entity_number": 66, "position": {"x": 204.5, "y": -23.5}},
      {"name": "transport-belt", "entity_number": 67, "position": {"x": 209.5, "y": -22.5}},
      {"name": "transport-belt", "entity_number": 68, "position": {"x": 209.5, "y": -23.5}},
      {"name": "inserter", "direction": 6, "entity_number": 69, "position": {"x": 208.5, "y": -23.5}},
      {"name": "inserter", "direction": 6, "entity_number": 70, "position": {"x": 208.5, "y": -22.5}},
      {"name": "transport-belt", "entity_number": 71, "position": {"x": 197.5, "y": -21.5}},
      {"name": "transport-belt", "entity_number": 72, "position": {"x": 197.5, "y": -20.5}},
      {
        "name": "small-electric-pole",
        "entity_number": 73,
        "neighbours": [39, 76, 77, 107],
        "position": {"x": 198.5, "y": -21.5}
      },
      {"name": "transport-belt", "entity_number": 74, "position": {"x": 203.5, "y": -21.5}},
      {"name": "transport-belt", "entity_number": 75, "position": {"x": 203.5, "y": -20.5}},
      {
        "name": "small-electric-pole",
        "entity_number": 76,
        "neighbours": [42, 43, 73, 80, 110],
        "position": {"x": 202.5, "y": -21.5}
      },
      {
        "name": "small-electric-pole",
        "entity_number": 77,
        "neighbours": [42, 43, 73, 80, 111],
        "position": {"x": 204.5, "y": -21.5}
      },
      {"name": "transport-belt", "entity_number": 78, "position": {"x": 209.5, "y": -20.5}},
      {"name": "transport-belt", "entity_number": 79, "position": {"x": 209.5, "y": -21.5}},
      {
        "name": "small-electric-pole",
        "entity_number": 80,
        "neighbours": [46, 76, 77, 114],
        "position": {"x": 208.5, "y": -21.5}
      },
      {"name": "transport-belt", "entity_number": 81, "position": {"x": 197.5, "y": -19.5}},
      {"name": "transport-belt", "entity_number": 82, "position": {"x": 197.5, "y": -18.5}},
      {
        "name": "assembling-machine-1",
        "entity_number": 83,
        "recipe": "iron-gear-wheel",
        "position": {"x": 200.5, "y": -18.5}
      },
      {"name": "transport-belt", "entity_number": 84, "position": {"x": 203.5, "y": -19.5}},
      {"name": "transport-belt", "entity_number": 85, "position": {"x": 203.5, "y": -18.5}},
      {
        "name": "assembling-machine-1",
        "entity_number": 86,
        "recipe": "iron-gear-wheel",
        "position": {"x": 206.5, "y": -18.5}
      },
      {"name": "transport-belt", "entity_number": 87, "position": {"x": 209.5, "y": -18.5}},
      {"name": "transport-belt", "entity_number": 88, "position": {"x": 209.5, "y": -19.5}},
      {"name": "transport-belt", "entity_number": 89, "position": {"x": 197.5, "y": -17.5}},
      {"name": "transport-belt", "entity_number": 90, "position": {"x": 197.5, "y": -16.5}},
      {
        "name": "assembling-machine-1",
        "entity_number": 91,
        "recipe": "iron-gear-wheel",
        "position": {"x": 200.5, "y": -15.5}
      },
      {"name": "inserter", "direction": 2, "entity_number": 92, "position": {"x": 198.5, "y": -16.5}},
      {"name": "inserter", "direction": 2, "entity_number": 93, "position": {"x": 198.5, "y": -17.5}},
      {"name": "transport-belt", "entity_number": 94, "position": {"x": 203.5, "y": -17.5}},
      {"name": "transport-belt", "entity_number": 95, "position": {"x": 203.5, "y": -16.5}},
      {"name": "inserter", "direction": 2, "entity_number": 96, "position": {"x": 202.5, "y": -17.5}},
      {"name": "inserter", "direction": 2, "entity_number": 97, "position": {"x": 202.5, "y": -16.5}},
      {
        "name": "assembling-machine-1",
        "entity_number": 98,
        "recipe": "iron-gear-wheel",
        "position": {"x": 206.5, "y": -15.5}
      },
      {"name": "inserter", "direction": 6, "entity_number": 99, "position": {"x": 204.5, "y": -16.5}},
      {"name": "inserter", "direction": 6, "entity_number": 100, "position": {"x": 204.5, "y": -17.5}},
      {"name": "transport-belt", "entity_number": 101, "position": {"x": 209.5, "y": -16.5}},
      {"name": "transport-belt", "entity_number": 102, "position": {"x": 209.5, "y": -17.5}},
      {"name": "inserter", "direction": 6, "entity_number": 103, "position": {"x": 208.5, "y": -17.5}},
      {"name": "inserter", "direction": 6, "entity_number": 104, "position": {"x": 208.5, "y": -16.5}},
      {
        "name": "underground-belt",
        "entity_number": 105,
        "type": "output",
        "position": {"x": 197.5, "y": -14.5}
      },
      {"name": "transport-belt", "entity_number": 106, "position": {"x": 197.5, "y": -15.5}},
      {
        "name": "small-electric-pole",
        "entity_number": 107,
        "neighbours": [73, 110, 111],
        "position": {"x": 198.5, "y": -15.5}
      },
      {"name": "transport-belt", "entity_number": 108, "position": {"x": 203.5, "y": -15.5}},
      {
        "name": "underground-belt",
        "entity_number": 109,
        "type": "output",
        "position": {"x": 203.5, "y": -14.5}
      },
      {
        "name": "small-electric-pole",
        "entity_number": 110,
        "neighbours": [76, 107, 114],
        "position": {"x": 202.5, "y": -15.5}
      },
      {
        "name": "small-electric-pole",
        "entity_number": 111,
        "neighbours": [77, 107, 114],
        "position": {"x": 204.5, "y": -15.5}
      },
      {"name": "transport-belt", "entity_number": 112, "position": {"x": 209.5, "y": -15.5}},
      {
        "name": "underground-belt",
        "entity_number": 113,
        "type": "output",
        "position": {"x": 209.5, "y": -14.5}
      },
      {
        "name": "small-electric-pole",
        "entity_number": 114,
        "neighbours": [80, 110, 111],
        "position": {"x": 208.5, "y": -15.5}
      },
      {
        "name": "transport-belt",
        "direction": 2,
        "entity_number": 115,
        "position": {"x": 197.5, "y": -13.5}
      },
      {
        "name": "transport-belt",
        "direction": 2,
        "entity_number": 116,
        "position": {"x": 197.5, "y": -12.5}
      },
      {
        "name": "transport-belt",
        "direction": 2,
        "entity_number": 117,
        "position": {"x": 196.5, "y": -13.5}
      },
      {
        "name": "transport-belt",
        "direction": 2,
        "entity_number": 118,
        "position": {"x": 196.5, "y": -12.5}
      },
      {
        "name": "transport-belt",
        "direction": 2,
        "entity_number": 119,
        "position": {"x": 199.5, "y": -13.5}
      },
      {
        "name": "transport-belt",
        "direction": 2,
        "entity_number": 120,
        "position": {"x": 199.5, "y": -12.5}
      },
      {
        "name": "transport-belt",
        "direction": 2,
        "entity_number": 121,
        "position": {"x": 198.5, "y": -13.5}
      },
      {
        "name": "transport-belt",
        "direction": 2,
        "entity_number": 122,
        "position": {"x": 198.5, "y": -12.5}
      },
      {
        "name": "transport-belt",
        "direction": 2,
        "entity_number": 123,
        "position": {"x": 201.5, "y": -13.5}
      },
      {
        "name": "transport-belt",
        "direction": 2,
        "entity_number": 124,
        "position": {"x": 201.5, "y": -12.5}
      },
      {
        "name": "transport-belt",
        "direction": 2,
        "entity_number": 125,
        "position": {"x": 200.5, "y": -13.5}
      },
      {
        "name": "transport-belt",
        "direction": 2,
        "entity_number": 126,
        "position": {"x": 200.5, "y": -12.5}
      },
      {
        "name": "transport-belt",
        "direction": 2,
        "entity_number": 127,
        "position": {"x": 203.5, "y": -13.5}
      },
      {
        "name": "transport-belt",
        "direction": 2,
        "entity_number": 128,
        "position": {"x": 203.5, "y": -12.5}
      },
      {
        "name": "transport-belt",
        "direction": 2,
        "entity_number": 129,
        "position": {"x": 202.5, "y": -13.5}
      },
      {
        "name": "transport-belt",
        "direction": 2,
        "entity_number": 130,
        "position": {"x": 202.5, "y": -12.5}
      },
      {
        "name": "transport-belt",
        "direction": 2,
        "entity_number": 131,
        "position": {"x": 205.5, "y": -13.5}
      },
      {
        "name": "transport-belt",
        "direction": 2,
        "entity_number": 132,
        "position": {"x": 205.5, "y": -12.5}
      },
      {
        "name": "transport-belt",
        "direction": 2,
        "entity_number": 133,
        "position": {"x": 204.5, "y": -13.5}
      },
      {
        "name": "transport-belt",
        "direction": 2,
        "entity_number": 134,
        "position": {"x": 204.5, "y": -12.5}
      },
      {
        "name": "transport-belt",
        "direction": 2,
        "entity_number": 135,
        "position": {"x": 207.5, "y": -13.5}
      },
      {
        "name": "transport-belt",
        "direction": 2,
        "entity_number": 136,
        "position": {"x": 207.5, "y": -12.5}
      },
      {
        "name": "transport-belt",
        "direction": 2,
        "entity_number": 137,
        "position": {"x": 206.5, "y": -13.5}
      },
      {
        "name": "transport-belt",
        "direction": 2,
        "entity_number": 138,
        "position": {"x": 206.5, "y": -12.5}
      },
      {
        "name": "transport-belt",
        "direction": 2,
        "entity_number": 139,
        "position": {"x": 209.5, "y": -13.5}
      },
      {
        "name": "transport-belt",
        "direction": 2,
        "entity_number": 140,
        "position": {"x": 209.5, "y": -12.5}
      },
      {
        "name": "transport-belt",
        "direction": 2,
        "entity_number": 141,
        "position": {"x": 208.5, "y": -13.5}
      },
      {
        "name": "transport-belt",
        "direction": 2,
        "entity_number": 142,
        "position": {"x": 208.5, "y": -12.5}
      },
      {
        "name": "transport-belt",
        "direction": 2,
        "entity_number": 143,
        "position": {"x": 211.5, "y": -13.5}
      },
      {
        "name": "transport-belt",
        "direction": 2,
        "entity_number": 144,
        "position": {"x": 211.5, "y": -12.5}
      },
      {
        "name": "transport-belt",
        "direction": 2,
        "entity_number": 145,
        "position": {"x": 210.5, "y": -13.5}
      },
      {
        "name": "transport-belt",
        "direction": 2,
        "entity_number": 146,
        "position": {"x": 210.5, "y": -12.5}
      }
    ],
    "icons": [
      {"index": 1, "signal": {"name": "transport-belt", "type": "item"}},
      {"index": 2, "signal": {"name": "assembling-machine-1", "type": "item"}}
    ]
  }
}
