{
  "blueprint_book": {"item": "blueprint-book", "label": "foo", "active_index": 0, "version": 281479275675648}
}
