{
  "index": 1,
  "deconstruction_planner": {"item": "deconstruction-planner", "version": 281479275675648}
}
