0eNqrVkrKKU0tKMrMK4lPys/PVrKqRogUK1lFVytl5qWkVihZGeggJECqMktSc5WskMR0lMpSi4oz8/OUrIwsDE3MLY3MTc2AyMSitjZWB0O9Ltg6HaXE5JLMstR4hC24TQEAPZw5AA==