0eNq9Ut1qwjAUfpVxrlPRzp+t4HsMREraHl1YmpTkpEyk776TWrWbDtzNoBfl5Mv3d3KEQgdsnDKUF9Z+QHa8TjxkmyMoU+EnZFNxPYgoRVhDNpoJaNF5ZQ1k6ctsvnpNV4slf/OXrhMXmpmACktrPLlQEqPzRktj0I04vwOSM+AxgVRAaPZOVniHeTgZUXokUmbPUU3Q+sEMM/EftQlAQ4oUngiNrJFv+lB4krEYGACH3IS6iDnZV2O96g9Zi+WT5ynzHPhntuwjnFlqqXWiZd3csnCD3D85q/MC32WrbF9h8JiXVlvHdng3yCjlyqCIp6a6iJa2bqSTFC/BGnouNhzTp+xvp5yn3Ku9kTrCz376QfLGeDo0cdIqR4ExHdu+k2o1WQy50smi67YCVBQaV89qtzrj9galfiVMcWL5sZ+kX68ALQtkItCtTp82EbUmJ41vrGMMatoySPKDbTG/rv731/SA1M7av3F+AatgRG0=