{
  "blueprint": {
    "item": "blueprint",
    "shift_x": 166,
    "shift_y": -43,
    "version": 281479275675648,
    "entities": [
      {"name": "assembling-machine-1", "recipe": "iron-gear-wheel", "position": {"x": 3.5, "y": 2.5}},
      {"name": "assembling-machine-1", "recipe": "iron-gear-wheel", "position": {"x": 3.5, "y": 5.5}},
      {"name": "assembling-machine-1", "recipe": "iron-gear-wheel", "position": {"x": 9.5, "y": 2.5}},
      {"name": "assembling-machine-1", "recipe": "iron-gear-wheel", "position": {"x": 9.5, "y": 5.5}},
      {"name": "assembling-machine-1", "recipe": "iron-gear-wheel", "position": {"x": 3.5, "y": 8.5}},
      {"name": "assembling-machine-1", "recipe": "iron-gear-wheel", "position": {"x": 3.5, "y": 11.5}},
      {"name": "assembling-machine-1", "recipe": "iron-gear-wheel", "position": {"x": 3.5, "y": 14.5}},
      {"name": "assembling-machine-1", "recipe": "iron-gear-wheel", "position": {"x": 9.5, "y": 8.5}},
      {"name": "assembling-machine-1", "recipe": "iron-gear-wheel", "position": {"x": 9.5, "y": 11.5}},
      {"name": "assembling-machine-1", "recipe": "iron-gear-wheel", "position": {"x": 9.5, "y": 14.5}},
      {"name": "assembling-machine-1", "recipe": "iron-gear-wheel", "position": {"x": 3.5, "y": 17.5}},
      {"name": "assembling-machine-1", "recipe": "iron-gear-wheel", "position": {"x": 9.5, "y": 17.5}},
      {"name": "inserter", "direction": 2, "position": {"x": 1.5, "y": 3.5}},
      {"name": "inserter", "direction": 2, "position": {"x": 5.5, "y": 3.5}},
      {"name": "inserter", "direction": 6, "position": {"x": 7.5, "y": 3.5}},
      {"name": "inserter", "direction": 2, "position": {"x": 1.5, "y": 4.5}},
      {"name": "inserter", "direction": 2, "position": {"x": 5.5, "y": 4.5}},
      {"name": "inserter", "direction": 6, "position": {"x": 7.5, "y": 4.5}},
      {"name": "inserter", "direction": 6, "position": {"x": 11.5, "y": 3.5}},
      {"name": "inserter", "direction": 6, "position": {"x": 11.5, "y": 4.5}},
      {"name": "inserter", "direction": 2, "position": {"x": 1.5, "y": 9.5}},
      {"name": "inserter", "direction": 2, "position": {"x": 1.5, "y": 10.5}},
      {"name": "inserter", "direction": 2, "position": {"x": 5.5, "y": 9.5}},
      {"name": "inserter", "direction": 6, "position": {"x": 7.5, "y": 9.5}},
      {"name": "inserter", "direction": 2, "position": {"x": 5.5, "y": 10.5}},
      {"name": "inserter", "direction": 6, "position": {"x": 7.5, "y": 10.5}},
      {"name": "inserter", "direction": 2, "position": {"x": 1.5, "y": 15.5}},
      {"name": "inserter", "direction": 2, "position": {"x": 5.5, "y": 15.5}},
      {"name": "inserter", "direction": 6, "position": {"x": 7.5, "y": 15.5}},
      {"name": "inserter", "direction": 6, "position": {"x": 11.5, "y": 9.5}},
      {"name": "inserter", "direction": 6, "position": {"x": 11.5, "y": 10.5}},
      {"name": "inserter", "direction": 6, "position": {"x": 11.5, "y": 15.5}},
      {"name": "inserter", "direction": 2, "position": {"x": 1.5, "y": 16.5}},
      {"name": "inserter", "direction": 2, "position": {"x": 5.5, "y": 16.5}},
      {"name": "inserter", "direction": 6, "position": {"x": 7.5, "y": 16.5}},
      {"name": "inserter", "direction": 6, "position": {"x": 11.5, "y": 16.5}},
      {
        "name": "small-electric-pole",
        "neighbours": ["-4.5,-5.5", "0,6", "4,0", "6,0"],
        "position": {"x": 1.5, "y": 5.5}
      },
      {
        "name": "small-electric-pole",
        "neighbours": ["-4,0", "0,6", "2,6", "6,0"],
        "position": {"x": 5.5, "y": 5.5}
      },
      {
        "name": "small-electric-pole",
        "neighbours": ["-2,6", "-6,0", "0,6", "4,0"],
        "position": {"x": 7.5, "y": 5.5}
      },
      {
        "name": "small-electric-pole",
        "neighbours": ["-4,0", "-6,0", "0,6"],
        "position": {"x": 11.5, "y": 5.5}
      },
      {
        "name": "small-electric-pole",
        "neighbours": ["0,-6", "0,6", "4,0", "6,0"],
        "position": {"x": 1.5, "y": 11.5}
      },
      {
        "name": "small-electric-pole",
        "neighbours": ["-4,0", "0,-6", "0,6", "2,-6", "6,0"],
        "position": {"x": 5.5, "y": 11.5}
      },
      {
        "name": "small-electric-pole",
        "neighbours": ["-2,-6", "-6,0", "0,-6", "0,6", "4,0"],
        "position": {"x": 7.5, "y": 11.5}
      },
      {
        "name": "small-electric-pole",
        "neighbours": ["-4,0", "-6,0", "0,-6", "0,6"],
        "position": {"x": 11.5, "y": 11.5}
      },
      {
        "name": "small-electric-pole",
        "neighbours": ["0,-6", "4,0", "6,0"],
        "position": {"x": 1.5, "y": 17.5}
      },
      {
        "name": "small-electric-pole",
        "neighbours": ["-4,0", "0,-6", "6,0"],
        "position": {"x": 5.5, "y": 17.5}
      },
      {
        "name": "small-electric-pole",
        "neighbours": ["-6,0", "0,-6", "4,0"],
        "position": {"x": 7.5, "y": 17.5}
      },
      {
        "name": "small-electric-pole",
        "neighbours": ["-4,0", "-6,0", "0,-6"],
        "position": {"x": 11.5, "y": 17.5}
      },
      {"name": "substation", "neighbours": ["4.5,5.5"], "position": {"x": -3, "y": 0}},
      {"name": "transport-belt", "direction": 2, "position": {"x": -0.5, "y": -0.5}},
      {"name": "transport-belt", "direction": 2, "position": {"x": 0.5, "y": -0.5}},
      {"name": "transport-belt", "direction": 2, "position": {"x": 1.5, "y": -0.5}},
      {"name": "transport-belt", "direction": 2, "position": {"x": 2.5, "y": -0.5}},
      {"name": "transport-belt", "direction": 2, "position": {"x": 3.5, "y": -0.5}},
      {"name": "transport-belt", "direction": 2, "position": {"x": 4.5, "y": -0.5}},
      {"name": "transport-belt", "direction": 2, "position": {"x": 5.5, "y": -0.5}},
      {"name": "transport-belt", "direction": 2, "position": {"x": 6.5, "y": -0.5}},
      {"name": "transport-belt", "direction": 2, "position": {"x": 7.5, "y": -0.5}},
      {"name": "transport-belt", "direction": 2, "position": {"x": 8.5, "y": -0.5}},
      {"name": "transport-belt", "direction": 2, "position": {"x": 9.5, "y": -0.5}},
      {"name": "transport-belt", "direction": 2, "position": {"x": 10.5, "y": -0.5}},
      {"name": "transport-belt", "direction": 2, "position": {"x": 11.5, "y": -0.5}},
      {"name": "transport-belt", "direction": 2, "position": {"x": 12.5, "y": -0.5}},
      {"name": "transport-belt", "direction": 2, "position": {"x": 13.5, "y": -0.5}},
      {"name": "transport-belt", "direction": 2, "position": {"x": 14.5, "y": -0.5}},
      {"name": "transport-belt", "direction": 2, "position": {"x": 15.5, "y": -0.5}},
      {"name": "transport-belt", "direction": 2, "position": {"x": 16.5, "y": -0.5}},
      {"name": "transport-belt", "direction": 2, "position": {"x": 17.5, "y": -0.5}},
      {"name": "transport-belt", "direction": 2, "position": {"x": 18.5, "y": -0.5}},
      {"name": "transport-belt", "direction": 2, "position": {"x": -0.5, "y": 0.5}},
      {"name": "transport-belt", "direction": 2, "position": {"x": -0.5, "y": 19.5}},
      {"name": "transport-belt", "direction": 2, "position": {"x": -0.5, "y": 20.5}},
      {"name": "transport-belt", "direction": 2, "position": {"x": 0.5, "y": 0.5}},
      {"name": "transport-belt", "direction": 2, "position": {"x": 1.5, "y": 0.5}},
      {"name": "transport-belt", "direction": 2, "position": {"x": 2.5, "y": 0.5}},
      {"name": "transport-belt", "direction": 2, "position": {"x": 3.5, "y": 0.5}},
      {"name": "transport-belt", "position": {"x": 0.5, "y": 2.5}},
      {"name": "transport-belt", "position": {"x": 0.5, "y": 3.5}},
      {"name": "transport-belt", "direction": 2, "position": {"x": 4.5, "y": 0.5}},
      {"name": "transport-belt", "direction": 2, "position": {"x": 5.5, "y": 0.5}},
      {"name": "transport-belt", "direction": 2, "position": {"x": 6.5, "y": 0.5}},
      {"name": "transport-belt", "direction": 2, "position": {"x": 7.5, "y": 0.5}},
      {"name": "transport-belt", "position": {"x": 6.5, "y": 2.5}},
      {"name": "transport-belt", "position": {"x": 6.5, "y": 3.5}},
      {"name": "transport-belt", "position": {"x": 0.5, "y": 4.5}},
      {"name": "transport-belt", "position": {"x": 0.5, "y": 5.5}},
      {"name": "transport-belt", "position": {"x": 0.5, "y": 6.5}},
      {"name": "transport-belt", "position": {"x": 0.5, "y": 7.5}},
      {"name": "transport-belt", "position": {"x": 6.5, "y": 4.5}},
      {"name": "transport-belt", "position": {"x": 6.5, "y": 5.5}},
      {"name": "transport-belt", "position": {"x": 6.5, "y": 6.5}},
      {"name": "transport-belt", "position": {"x": 6.5, "y": 7.5}},
      {"name": "transport-belt", "direction": 2, "position": {"x": 8.5, "y": 0.5}},
      {"name": "transport-belt", "direction": 2, "position": {"x": 9.5, "y": 0.5}},
      {"name": "transport-belt", "direction": 2, "position": {"x": 10.5, "y": 0.5}},
      {"name": "transport-belt", "direction": 2, "position": {"x": 11.5, "y": 0.5}},
      {"name": "transport-belt", "direction": 2, "position": {"x": 12.5, "y": 0.5}},
      {"name": "transport-belt", "direction": 2, "position": {"x": 13.5, "y": 0.5}},
      {"name": "transport-belt", "direction": 2, "position": {"x": 14.5, "y": 0.5}},
      {"name": "transport-belt", "direction": 2, "position": {"x": 15.5, "y": 0.5}},
      {"name": "transport-belt", "position": {"x": 12.5, "y": 2.5}},
      {"name": "transport-belt", "position": {"x": 12.5, "y": 3.5}},
      {"name": "transport-belt", "position": {"x": 12.5, "y": 4.5}},
      {"name": "transport-belt", "position": {"x": 12.5, "y": 5.5}},
      {"name": "transport-belt", "position": {"x": 12.5, "y": 6.5}},
      {"name": "transport-belt", "position": {"x": 12.5, "y": 7.5}},
      {"name": "transport-belt", "position": {"x": 0.5, "y": 8.5}},
      {"name": "transport-belt", "position": {"x": 0.5, "y": 9.5}},
      {"name": "transport-belt", "position": {"x": 0.5, "y": 10.5}},
      {"name": "transport-belt", "position": {"x": 0.5, "y": 11.5}},
      {"name": "transport-belt", "position": {"x": 6.5, "y": 8.5}},
      {"name": "transport-belt", "position": {"x": 6.5, "y": 9.5}},
      {"name": "transport-belt", "position": {"x": 6.5, "y": 10.5}},
      {"name": "transport-belt", "position": {"x": 6.5, "y": 11.5}},
      {"name": "transport-belt", "position": {"x": 0.5, "y": 12.5}},
      {"name": "transport-belt", "position": {"x": 0.5, "y": 13.5}},
      {"name": "transport-belt", "position": {"x": 0.5, "y": 14.5}},
      {"name": "transport-belt", "position": {"x": 0.5, "y": 15.5}},
      {"name": "transport-belt", "position": {"x": 6.5, "y": 12.5}},
      {"name": "transport-belt", "position": {"x": 6.5, "y": 13.5}},
      {"name": "transport-belt", "position": {"x": 6.5, "y": 14.5}},
      {"name": "transport-belt", "position": {"x": 6.5, "y": 15.5}},
      {"name": "transport-belt", "position": {"x": 12.5, "y": 8.5}},
      {"name": "transport-belt", "position": {"x": 12.5, "y": 9.5}},
      {"name": "transport-belt", "position": {"x": 12.5, "y": 10.5}},
      {"name": "transport-belt", "position": {"x": 12.5, "y": 11.5}},
      {"name": "transport-belt", "position": {"x": 12.5, "y": 12.5}},
      {"name": "transport-belt", "position": {"x": 12.5, "y": 13.5}},
      {"name": "transport-belt", "position": {"x": 12.5, "y": 14.5}},
      {"name": "transport-belt", "position": {"x": 12.5, "y": 15.5}},
      {"name": "transport-belt", "direction": 2, "position": {"x": 16.5, "y": 0.5}},
      {"name": "transport-belt", "direction": 2, "position": {"x": 17.5, "y": 0.5}},
      {"name": "transport-belt", "direction": 2, "position": {"x": 18.5, "y": 0.5}},
      {"name": "transport-belt", "position": {"x": 0.5, "y": 16.5}},
      {"name": "transport-belt", "position": {"x": 0.5, "y": 17.5}},
      {"name": "transport-belt", "direction": 2, "position": {"x": 0.5, "y": 19.5}},
      {"name": "transport-belt", "direction": 2, "position": {"x": 1.5, "y": 19.5}},
      {"name": "transport-belt", "direction": 2, "position": {"x": 2.5, "y": 19.5}},
      {"name": "transport-belt", "direction": 2, "position": {"x": 3.5, "y": 19.5}},
      {"name": "transport-belt", "position": {"x": 6.5, "y": 16.5}},
      {"name": "transport-belt", "position": {"x": 6.5, "y": 17.5}},
      {"name": "transport-belt", "direction": 2, "position": {"x": 4.5, "y": 19.5}},
      {"name": "transport-belt", "direction": 2, "position": {"x": 5.5, "y": 19.5}},
      {"name": "transport-belt", "direction": 2, "position": {"x": 6.5, "y": 19.5}},
      {"name": "transport-belt", "direction": 2, "position": {"x": 7.5, "y": 19.5}},
      {"name": "transport-belt", "direction": 2, "position": {"x": 0.5, "y": 20.5}},
      {"name": "transport-belt", "direction": 2, "position": {"x": 1.5, "y": 20.5}},
      {"name": "transport-belt", "direction": 2, "position": {"x": 2.5, "y": 20.5}},
      {"name": "transport-belt", "direction": 2, "position": {"x": 3.5, "y": 20.5}},
      {"name": "transport-belt", "direction": 2, "position": {"x": 4.5, "y": 20.5}},
      {"name": "transport-belt", "direction": 2, "position": {"x": 5.5, "y": 20.5}},
      {"name": "transport-belt", "direction": 2, "position": {"x": 6.5, "y": 20.5}},
      {"name": "transport-belt", "direction": 2, "position": {"x": 7.5, "y": 20.5}},
      {"name": "transport-belt", "direction": 2, "position": {"x": 8.5, "y": 19.5}},
      {"name": "transport-belt", "direction": 2, "position": {"x": 9.5, "y": 19.5}},
      {"name": "transport-belt", "direction": 2, "position": {"x": 10.5, "y": 19.5}},
      {"name": "transport-belt", "direction": 2, "position": {"x": 11.5, "y": 19.5}},
      {"name": "transport-belt", "position": {"x": 12.5, "y": 16.5}},
      {"name": "transport-belt", "position": {"x": 12.5, "y": 17.5}},
      {"name": "transport-belt", "direction": 2, "position": {"x": 12.5, "y": 19.5}},
      {"name": "transport-belt", "direction": 2, "position": {"x": 13.5, "y": 19.5}},
      {"name": "transport-belt", "direction": 2, "position": {"x": 14.5, "y": 19.5}},
      {"name": "transport-belt", "direction": 2, "position": {"x": 8.5, "y": 20.5}},
      {"name": "transport-belt", "direction": 2, "position": {"x": 9.5, "y": 20.5}},
      {"name": "transport-belt", "direction": 2, "position": {"x": 10.5, "y": 20.5}},
      {"name": "transport-belt", "direction": 2, "position": {"x": 11.5, "y": 20.5}},
      {"name": "transport-belt", "direction": 2, "position": {"x": 12.5, "y": 20.5}},
      {"name": "transport-belt", "direction": 2, "position": {"x": 13.5, "y": 20.5}},
      {"name": "transport-belt", "direction": 2, "position": {"x": 14.5, "y": 20.5}},
      {"name": "underground-belt", "type": "input", "position": {"x": 0.5, "y": 1.5}},
      {"name": "underground-belt", "type": "input", "position": {"x": 6.5, "y": 1.5}},
      {"name": "underground-belt", "type": "input", "position": {"x": 12.5, "y": 1.5}},
      {"name": "underground-belt", "type": "output", "position": {"x": 0.5, "y": 18.5}},
      {"name": "underground-belt", "type": "output", "position": {"x": 6.5, "y": 18.5}},
      {"name": "underground-belt", "type": "output", "position": {"x": 12.5, "y": 18.5}}
    ],
    "icons": [
      {"index": 1, "signal": {"name": "transport-belt", "type": "item"}},
      {"index": 2, "signal": {"name": "assembling-machine-1", "type": "item"}}
    ]
  }
}
