0eNqtlMFu2zAMhl8l0NluYjuxEwPdbTvt1AzYoQgCVWEcobJkSHLaIPB192FvuCcZZaVJuqoFPAw5OCKp7ycpUUfyIFpoNJeWlEfCLdSkvLJFRNAHEGj7qowdLdkONugcfQPjnHvQhitJynSeTItFWuRpPpsWWURAWm45GFLeH/3isJZt/QCalElEJK0BoYzqSsVPtEJGRLjcY6TSB1LKVoiIKM3RQG0vMbmZRaRRhvvlkTyTMlugDcOzJLlZ5PNi1nXRG7n0LCcUU7WyfA8kBHfVG0fWij2CjbetqzzpPpCdvy+bnWWN1ZRXOxvjR5D3aZMixJkO5yxCnNlgTpKEOPlwThbiFMM5wT7Ph3OCfV4M5wT7nEwGg9Jgo5NkOAg7vcKLzJT0k8flBp77iTO8klS4DaFhsIfG2fr57xHGTXorTgN8iXXr9Mrfu83LGJHPAvYUR3h8B/EXNz4ReaLcrjGhTZ+x5yGtoRrWJ1mlXQqcPaI3n1yykZShJvaEdCvXoIvOPa+rW9+vsYHYNJRBDCfx1Wj0ksfo94+f5PXW5Y43B6o34+/UWIiXbdOIw5A8/f8tvlA9+a8YKjeXIMY1a7l7Kc9gdwJ+i8sPY269FxN0bzBWv+Xa2PWb8/KGWMMVf8+1bTGq6wKZXHc1yyfhvv6HAj4NK6DSADJYwr+f8a+Pz/gOGPh7PvCQoW785XO/7g8CB2yA