0eNq9lc1u2zAMx18l0NlubCe2EwPdbTvt1AzYoQgCRWYcobJkSHK6IPB192FvuCcZFeejW7UM7qEnQxL5IymKfx/IWrTQaC4tKQ6EMyUNKR4PxPBKUuH27L4BUhBuoSYBkbR2K6GYqpXlOyBdQLgs4Rsp4m4ZEJCWWw495bjYr2Rbr0GjwcXfWE15tbUhfgRiG2XQS0kXEEmTeRqQPX6jvOuCV5zkwmFUVyp8phW6/psSx3fzbJanmKrSHGG0t4ruUpf8DneURkPZCuEJNxme9tyX9nQwJ459nHQ4Z+LjZMM5qY+T+57FDcjsVjfwmRnnoRV7AhtuWhDuZXnCzoan731N8+Ecb3vjaDAo8RYWD5+TBBuMw2fYFspWnKbv2g23zl+c9yN+vnjyUcCO4giMHyD85C48IM+U2xWqQXkM1/OQ1lANq5MiKI12Z3WQlGEgrMLtcfaEHlnULV111ziPvK7u+2LHBkLTUAYhnIIvR6NzHqNf33+QP10XW97sqS7HX6mxEC7aphH74XlucMKP5L9sqCyvRoxr1nKLGxewu+8N18auXgnjjmvbUnHVxt4i1FA6bXSKaqmT1yg4RXUlot096TyZ/O9WJ1kUvU8BlQaQt0v4gCW8vcc/b/f4ARj0SjKwyVA3eGOY2NLNxPHHVbz4zwVE0LVTFfJZGTtauJnAw9EXMO5wB9oc80lm8TSfJ3mWZOk0xwH7DRPzbIU=